{"level":50,"time":1640379129013,"pid":16532,"hostname":"LAPTOP-1CGSADAG","msg":"Route /555555555555555555 not found"}
